[
  {
    "definition": "Instrument tranchant, composé d'un manche muni d'une (ou de plusieurs) lame(s) ; cette lame :   (On distingue deux catégories de couteaux, généralement en acier inoxydable : les couteaux  de table et les couteaux  de poche.)",
    "targetExampleSentences": ["Aiguiser les couteaux."]
  },
  {
    "definition": "Pièce tranchante d'un appareil :",
    "targetExampleSentences": ["Couteaux d'un mixer, d'un robot de cuisine."]
  },
  {
    "definition": "(Bâtiment) Outil servant à enduire, araser, reboucher, mastiquer, etc.",
    "targetExampleSentences": []
  },
  {
    "definition": "(Industrie du bois) Lame coupante d'une dérouleuse à placages ou d'une trancheuse.",
    "targetExampleSentences": []
  },
  {
    "definition": "(Histoire du costume) Nom donné aux grandes plumes rigides et plates des oiseaux, utilisées dans la parure féminine.",
    "targetExampleSentences": []
  },
  {
    "definition": "(Ganterie) Outil servant à amincir les peaux du côté chair pour les gants glacés, du côté fleur pour les gants suédés.",
    "targetExampleSentences": []
  },
  {
    "definition": "(Mécanique) Outil de tournage à arête perpendiculaire à l'axe de la pièce, utilisé pour charioter.",
    "targetExampleSentences": []
  },
  {
    "definition": "(Métrologie) Arête du prisme triangulaire supportant le fléau ou les plateaux d'une balance.",
    "targetExampleSentences": []
  },
  {
    "definition": "(Zoologie) Mollusque bivalve très commun dans le sable des plages de France, en forme de rectangle long, enfoncé verticalement à marée basse.",
    "targetExampleSentences": []
  }
]
