[
  {
    "definition": "<i>Agr</i>, <i>Bot</i> Planta terrestre (<i>Ananas comosus</i>), da família das bromeliáceas, cultivada ou selvagem, nativa do Brasil, de folhas lineares com bordas espinhosas, que produz uma infrutescência carnosa; abacaxi-branco, abacaxizeiro, aberas, ananás, naná, nanás, nanaseiro, pita.",
    "targetExampleSentences": [],
    "word": "abacaxi",
    "pos": "sm"
  },
  {
    "definition": "<i>Bot</i> Fruto dessa planta, grande e escamoso, de sulcos simétricos e forma cônica, muito aromático e saboroso",
    "targetExampleSentences": [
      "“As freiras, importadas para ‘salvar’ a alma dos índios, criaram novas receitas aproveitando as frutas exóticas locais (abacaxi, goiaba e papaia) […]”"
    ],
    "word": "abacaxi",
    "pos": "sm"
  },
  {
    "definition": "<i>ant</i><i>V</i><i>galego</i>, acepção 2.",
    "targetExampleSentences": [],
    "word": "abacaxi",
    "pos": "sm"
  },
  {
    "definition": "Mau dançador, desajeitado, pesadão.",
    "targetExampleSentences": [],
    "word": "abacaxi",
    "pos": "sm"
  },
  {
    "definition": "<i>gír</i>, <i>Mil</i> Granada de mão.",
    "targetExampleSentences": [],
    "word": "abacaxi",
    "pos": "sm"
  },
  {
    "definition": "<i>coloq</i> Trabalho difícil de ser realizado; algo complicado, intrincado.",
    "targetExampleSentences": [],
    "word": "abacaxi",
    "pos": "sm"
  },
  {
    "definition": "<i>fig</i> Indivíduo ou coisa desagradável, maçante, complicada, perigosa.",
    "targetExampleSentences": [],
    "word": "abacaxi",
    "pos": "sm"
  },
  {
    "word": "Abacaxi havaí:",
    "definition": "variedade de abacaxi de formato cilíndrico ou arredondado, pouco alongado, com a coroa sem espinhos, de polpa esbranquiçada, adocicado, porém com pouco equilíbrio entre acidez e açúcar."
  },
  {
    "word": "Abacaxi pérola:",
    "definition": "variedade de abacaxi de formato arredondado ou ovalado, mais alongado que o fruto comum, com a polpa ligeiramente amarelada, da cor da pérola, bastante adocicado, com um bom equilíbrio entre acidez e açúcar."
  },
  {
    "word": "Descascar um abacaxi",
    "definition": ", gír: a) resolver problema difícil ou desagradável; b) desobrigar-se de uma tarefa complicada ou maçante."
  }
]
