[
  {
    "definition": "Micol Denominação genérica a fungos de diversos gêneros, que provocam a decomposição de alimentos, frutas e produtos de origem vegetal, por ação da umidade ou por falta de arejamento; bafio, bolor, sito.",
    "word": "mofo",
    "pos": "sm"
  }
]
