[
  {
    "definition": "Que não se pode negar; claro, incontestável.",
    "word": "inegável",
    "pos": "adj m+f"
  }
]
