[
  {
    "definition": "<i>Jur</i> Que ou aquele que presta fiança, que se responsabiliza pelo cumprimento de pagamento ou de obrigação de outra pessoa; afiançador:",
    "targetExampleSentences": [
      "O amigo fiador teve que pagar todas as dívidas dela.",
      "Meu cunhado foi meu fiador no aluguel da casa."
    ],
    "word": "fiador",
    "pos": "adj sm"
  },
  {
    "definition": "<i>por ext</i> Que ou o que garante uma obrigação; abonação.",
    "targetExampleSentences": [],
    "word": "fiador",
    "pos": "adj sm"
  },
  {
    "definition": "Fecho de segurança de uma espingarda.",
    "targetExampleSentences": [],
    "word": "fiador",
    "pos": "sm"
  },
  {
    "definition": "Correia dos freios dos animais.",
    "targetExampleSentences": [],
    "word": "fiador",
    "pos": "sm"
  },
  {
    "definition": "<i>Náut</i> Parte da amarra da âncora que sobe e dá a volta na abita e se prende ao anilho.",
    "targetExampleSentences": [],
    "word": "fiador",
    "pos": "sm"
  },
  {
    "definition": "<i>Náut</i> Amarra que prende o navio à boia de amarração.",
    "targetExampleSentences": [],
    "word": "fiador",
    "pos": "sm"
  },
  {
    "definition": "Tira de couro que se prende à boca do cavalo ao domá-lo, sem a focinheira, e que funciona como um freio.",
    "targetExampleSentences": [],
    "word": "fiador",
    "pos": "sm"
  },
  {
    "definition": "Cordão, geralmente de couro ou de tecido, que prende um relógio ou um medalhão ao pescoço.",
    "targetExampleSentences": [],
    "word": "fiador",
    "pos": "sm"
  },
  {
    "definition": "Porção de cabo fino, em forma de alça junto ao punho da espada para que essa não escape da mão da pessoa que a maneja.",
    "targetExampleSentences": [],
    "word": "fiador",
    "pos": "sm"
  },
  {
    "expression": "Fiador bastante",
    "expressionMeaning": ", Jur: fiador que possui bens suficientes para garantir o pagamento de dívida contraída por outrem."
  },
  {
    "expression": "Fiador civil",
    "expressionMeaning": ", Jur: fiador que se responsabiliza por obrigação de causa civil."
  },
  {
    "expression": "Fiador comercial",
    "expressionMeaning": ", Jur: fiador que garante o pagamento ou a obrigação de causa comercial."
  }
]
