[{"targetExampleSentences": ["Arrombando uma casa e cortando fatias de abacaxi."]}, {"targetExampleSentences": ["O ar parisiense exalava presunto e abacaxi cozido."]}, {"targetExampleSentences": ["Peguei duas fatias de pão e passei-as na torradeira e pus alguns pedaços de abacaxi no prato."]}, {"targetExampleSentences": ["Os vendedores de abacaxi contavam de suas brigas com vizinhos."]}, {"targetExampleSentences": ["O pessoal da cidade não quer ter nada a ver com esse abacaxi."]}, {"targetExampleSentences": ["Isso não quer dizer que a melancia é mais saborosa do que o abacaxi."]}, {"targetExampleSentences": ["Eu comecei a chupar o picolé de morango e ela pegou o de abacaxi e foi fazendo a mesma coisa."]}, {"targetExampleSentences": ["Observo-o enfeitá-la com uma rodela de abacaxi e uma cereja."]}, {"targetExampleSentences": ["O recheio pode ser de creme de ovos ou abacaxi."]}, {"targetExampleSentences": ["Este corpo aqui foi um abacaxi desde o início."]}, {"targetExampleSentences": ["Nem se deu ao trabalho de pegar o suco de abacaxi."]}, {"targetExampleSentences": ["E Ammu podia lhe oferecer suco de abacaxi."]}, {"targetExampleSentences": ["O abacaxi parece mais uma pedra do que uma fruta."]}, {"targetExampleSentences": ["O próximo pedaço de abacaxi cintilou na ponta de minha adaga e desapareceu em uma bocada barulhenta."]}, {"targetExampleSentences": ["Aquele Forças Especiais adoraria repartir este abacaxi conosco!"]}, {"targetExampleSentences": ["E o sorvete de abacaxi é uma fruta melhor ainda."]}, {"targetExampleSentences": ["Pego a faca maior e corto o abacaxi ao meio."]}, {"targetExampleSentences": ["A certeza é de que ele está assumindo um abacaxi -e dos grandes."]}, {"targetExampleSentences": ["Por que esse abacaxi acabou caindo no meu colo?"]}, {"targetExampleSentences": ["Estávamos dividindo três torradas com um pouco de atum e uma fatia de abacaxi."]}, {"targetExampleSentences": ["Ou fique parecendo um abacaxi ambulante!"]}, {"targetExampleSentences": ["Fui junto pra ver se o suco de abacaxi deles era de verdade."]}, {"targetExampleSentences": ["Provavelmente se o abacaxi fosse de Oxum seria um fruto de cor mais rosácea."]}, {"targetExampleSentences": ["Foi a última vez em nossa vida que comemos abacaxi."]}, {"targetExampleSentences": ["Pode reservar rodelas de abacaxi para enfeitar."]}, {"targetExampleSentences": ["Obriguei cada um de nós a comer um pedaço de abacaxi antes de jogar tudo no lixo."]}, {"targetExampleSentences": ["Os cubinhos de abacaxi eram a única dica de que outras pessoas não comiam aquilo no jantar."]}, {"targetExampleSentences": ["O abacaxi veio com uma carta do tio e esposa."]}, {"targetExampleSentences": ["As plaquetas são um líquido espesso cuja aparência é semelhante a suco de abacaxi."]}, {"targetExampleSentences": ["O homem enfiou na boca o abacaxi e o engoliu rapidamente."]}, {"targetExampleSentences": ["Isso porque o homem tinha um abacaxi na boca."]}, {"targetExampleSentences": ["Aquela mancha na faca vinha de um abacaxi que tinha descascado."]}, {"targetExampleSentences": ["O açúcar do abacaxi deslizou por sua língua."]}, {"targetExampleSentences": ["Aparecem duas senhoras com jarras de refresco de limão e abacaxi."]}, {"targetExampleSentences": ["É tão difícil escolher que peço sorvete de abacaxi."]}]
