[
  {
    "targetExampleSentences": [
      "Às vezes a gente acha mico uma coisa que de mico não tem nada."
    ]
  },
  {
    "targetExampleSentences": [
      "Quero ser mico de circo se ela não entregar os pontos."
    ]
  },
  {
    "targetExampleSentences": [
      "Aparecer na televisão para mim é sempre um mico."
    ]
  },
  {
    "targetExampleSentences": [
      "Um ursinho de pelúcia é recheado com pó de mico."
    ]
  },
  {
    "targetExampleSentences": [
      "É mico para colocar à prova qualquer espírito natalino."
    ]
  },
  { "targetExampleSentences": ["Quero ser mico de circo se entendo você!"] },
  {
    "targetExampleSentences": [
      "Que eu fosse junto pra você não pagar o mico de desfilar com uma cachorrinha de madame?"
    ]
  },
  {
    "targetExampleSentences": [
      "A recompensa por ter pagado esse mico não demorou."
    ]
  },
  {
    "targetExampleSentences": [
      "Eu era um mico manipulador de papéis júnior e odiava cada segundo disso."
    ]
  },
  {
    "targetExampleSentences": [
      "Quero ser mico de circo se não fizer com ele duzentos crescentes."
    ]
  },
  {
    "targetExampleSentences": [
      "Quem não tem um amigo ou parente que toda vez que você viaja não faz uma encomenda-mico?"
    ]
  },
  { "targetExampleSentences": ["Eu fui direto à sala onde estava o mico."] },
  {
    "targetExampleSentences": [
      "Fica calado e não abre a boca para não correr o risco de pagar um mico."
    ]
  },
  { "targetExampleSentences": ["Qual o maior mico que ela já tinha pagado?"] },
  {
    "targetExampleSentences": [
      "O mico saltava e guinchava em grande excitação."
    ]
  },
  {
    "targetExampleSentences": [
      "E você ainda não se conforma de esse mico estar pulando na sua frente."
    ]
  },
  {
    "targetExampleSentences": ["O mico preto fica por conta do terceiro livro."]
  },
  {
    "targetExampleSentences": [
      "Que pagaria o mico de descer por uma chaminé para receber em troca o sorriso das criancinhas?"
    ]
  },
  {
    "targetExampleSentences": [
      "O que não alivia o ciúme e a raiva de ficar com o mico preto na mão."
    ]
  },
  {
    "targetExampleSentences": [
      "A única coisa de que me recordava com clareza era o mico da lingerie."
    ]
  },
  { "targetExampleSentences": ["E quero ser mico de circo se for mentira!"] },
  {
    "targetExampleSentences": [
      "Foi o tempo que eu levei para armar este mico ridículo."
    ]
  },
  {
    "targetExampleSentences": [
      "Negrinha as esfregara com pó-de-mico a fim de lhe impedir a fuga."
    ]
  },
  {
    "targetExampleSentences": [
      "A última pessoa diante da qual ele gostaria de pagar mico era a garota de quem gostava."
    ]
  },
  {
    "targetExampleSentences": [
      "E os títulos viraram um mico nas mãos do clube e da empreiteira."
    ]
  },
  { "targetExampleSentences": ["Eu só quero que você pare de pagar mico!"] }
]
