[
  {
    "definition": "",
    "nativeExampleSentences": [],
    "pos": "sm",
    "targetExampleSentences": [],
    "translations": ["pineapple"],
    "word": "abacaxi"
  }
]
